10-11 14:26:13.127   343  6195 D cedarc  : <H264SortDisplayFrameOrder:1979>: diff pts of 10 frames:440000, frame=20
10-11 14:26:13.625   350   764 D BufferPoolAccessor2.0: evictor expired: 1, evicted: 0
10-11 14:26:13.862   449   756 D GPIO    : setFD655 14261
10-11 14:26:13.961   350  6190 D BufferPoolAccessor2.0: bufferpool2 0xe92e0cd8 : 4(49152 size) total buffers - 2(24576 size) used buffers - 250/254 (recycle/alloc) - 4/253 (fetch/transfer)
10-11 14:26:14.059  5636  6189 D BufferPoolAccessor2.0: bufferpool2 0xf25cb558 : 5(40960 size) total buffers - 1(8192 size) used buffers - 258/263 (recycle/alloc) - 5/262 (fetch/transfer)
10-11 14:26:14.268   754   767 I rkstack.proces: Background concurrent copying GC freed 54091(2055KB) AllocSpace objects, 88(3200KB) LOS objects, 49% free, 3420KB/6841KB, paused 119us total 114.611ms
10-11 14:26:14.625  5636  6140 D BufferPoolAccessor2.0: evictor expired: 1, evicted: 0
10-11 14:26:14.862   449   756 D GPIO    : setFD655 14261
10-11 14:26:15.864   449   756 D GPIO    : setFD655 14261
10-11 14:26:16.864   449   756 D GPIO    : setFD655 14261
10-11 14:26:17.864   449   756 D GPIO    : setFD655 14261
10-11 14:26:18.865   449   756 D GPIO    : setFD655 14261
10-11 14:26:19.119   350  6190 D BufferPoolAccessor2.0: bufferpool2 0xe92e0cd8 : 4(49152 size) total buffers - 1(12288 size) used buffers - 492/496 (recycle/alloc) - 4/495 (fetch/transfer)
10-11 14:26:19.317  5636  6189 D BufferPoolAccessor2.0: bufferpool2 0xf25cb558 : 5(40960 size) total buffers - 4(32768 size) used buffers - 507/512 (recycle/alloc) - 5/509 (fetch/transfer)
10-11 14:26:19.864   449   756 D GPIO    : setFD655 14261
10-11 14:26:20.864   449   756 D GPIO    : setFD655 14261
10-11 14:26:21.865   449   756 D GPIO    : setFD655 14261
10-11 14:26:22.866   449   756 D GPIO    : setFD655 14261
10-11 14:26:23.866   449   756 D GPIO    : setFD655 14261
10-11 14:26:24.628   350  6190 D BufferPoolAccessor2.0: bufferpool2 0xe92e0cd8 : 4(49152 size) total buffers - 1(12288 size) used buffers - 750/754 (recycle/alloc) - 4/753 (fetch/transfer)
10-11 14:26:24.731  5636  6189 D BufferPoolAccessor2.0: bufferpool2 0xf25cb558 : 5(40960 size) total buffers - 1(8192 size) used buffers - 758/763 (recycle/alloc) - 5/762 (fetch/transfer)
10-11 14:26:24.866   449   756 D GPIO    : setFD655 14261
10-11 14:26:25.866   449   756 D GPIO    : setFD655 14261
10-11 14:26:26.277   449   569 D TvWindowManager: key event key = KEYCODE_BACK
10-11 14:26:26.277   449   569 D WindowManager: interceptKeyTq keycode=4 interactive=true keyguardActive=false policyFlags=22000000
10-11 14:26:26.280   449   568 D GpioService: mFlickerEnable = true
10-11 14:26:26.280   449   568 D WindowManager: interceptKeyTi keyCode=4 down=true repeatCount=0 keyguardOn=false canceled=false
10-11 14:26:26.331   449   449 D GPIO    : setNormalLedOn true
10-11 14:26:26.333   449   449 D GPIO    : setStandbyLedOn false
10-11 14:26:26.385   449   449 D GPIO    : setNormalLedOn false
10-11 14:26:26.389   449   449 D GPIO    : setStandbyLedOn false
10-11 14:26:26.427   449   568 D GpioService: mFlickerEnable = true
10-11 14:26:26.427   449   568 D WindowManager: interceptKeyTi keyCode=4 down=true repeatCount=0 keyguardOn=false canceled=false
10-11 14:26:26.477   449   449 D GPIO    : setNormalLedOn true
10-11 14:26:26.479   449   449 D GPIO    : setStandbyLedOn false
10-11 14:26:26.491   449   569 D TvWindowManager: key event key = KEYCODE_BACK
10-11 14:26:26.491   449   569 D WindowManager: interceptKeyTq keycode=4 interactive=true keyguardActive=false policyFlags=22000000
10-11 14:26:26.498   449   568 D WindowManager: interceptKeyTi keyCode=4 down=false repeatCount=0 keyguardOn=false canceled=false
10-11 14:26:26.514   258   293 I gralloc : alloc buffer:W:1280 H:720 S:1280 PL[1280 720] SZ:3686400 fmt:1 if:0 af:1 usg:b66 fg:00000004
10-11 14:26:26.536   449   449 D GPIO    : setNormalLedOn false
10-11 14:26:26.539   449   449 D GPIO    : setStandbyLedOn false
10-11 14:26:26.589   449   449 D GPIO    : setNormalLedOn true
10-11 14:26:26.593   449   449 D GPIO    : setStandbyLedOn false
10-11 14:26:26.686   258   293 I gralloc : alloc buffer:W:1280 H:720 S:1280 PL[1280 720] SZ:3686400 fmt:1 if:0 af:1 usg:20000b00 fg:00000004
10-11 14:26:26.689   258   293 I gralloc : alloc buffer:W:1280 H:720 S:1280 PL[1280 720] SZ:3686400 fmt:1 if:0 af:1 usg:20000b00 fg:00000004
10-11 14:26:26.739   258   293 I gralloc : alloc buffer:W:1280 H:720 S:1280 PL[1280 720] SZ:3686400 fmt:1 if:0 af:1 usg:20000b00 fg:00000004
10-11 14:26:26.742   273   388 D AudioFlinger: mixer(0xf6ec9140) throttle end: throttle time(1)
10-11 14:26:26.747   656   656 D TvPipController: onTaskStackChanged()
10-11 14:26:26.856   449   493 I ActivityTaskManager:  check home wait onWindowsDrawn  
10-11 14:26:26.870   449   756 D GPIO    : setFD655 14261
10-11 14:26:26.893   449   492 W ProcessStats: Tracking association SourceState{8635304 com.qstar.application/10101 BTopFgs #5106} whose proc state 2 is better than process ProcessState{8dd69a9 com.qstar.apps.ota/1000 pkg=com.qstar.apps.ota} proc state 3 (4 skipped)
10-11 14:26:26.945   966   966 I GoogleInputMethodService: GoogleInputMethodService.onFinishInput():3466 
10-11 14:26:26.946   966   966 I GoogleInputMethodService: GoogleInputMethodService.onStartInput():2045 
10-11 14:26:26.961   966   966 I DeviceUnlockedTag: DeviceUnlockedTag.notifyDeviceLockStatusChanged():38 Notify device unlocked.
10-11 14:26:27.307  5636  6183 D SurfaceUtils: connecting to surface 0xc72a1c08, reason connectToSurface
10-11 14:26:27.307  5636  6183 I MediaCodec: [OMX.allwinner.video.decoder.avc] setting surface generation to 5771268
10-11 14:26:27.307  5636  6183 D SurfaceUtils: disconnecting from surface 0xc72a1c08, reason connectToSurface(reconnect)
10-11 14:26:27.307  5636  6183 D SurfaceUtils: connecting to surface 0xc72a1c08, reason connectToSurface(reconnect)
10-11 14:26:27.310   343   343 W omx_vdec: <__AwOmxVdecGetExtensionIndex:1741>: GetExtensionIndex OMX.google.android.index.AndroidNativeBufferConsumerUsage, err [0x80001001].
10-11 14:26:27.310   343   343 D omx_vdec_aw: <__anGetExtPara:2895>:  ===== get usage: 400400
10-11 14:26:27.311  5636  6184 D SurfaceUtils: disconnecting from surface 0xc72a1c08, reason setNativeWindowSizeFormatAndUsage
10-11 14:26:27.311  5636  6184 D SurfaceUtils: connecting to surface 0xc72a1c08, reason setNativeWindowSizeFormatAndUsage
10-11 14:26:27.311  5636  6184 D SurfaceUtils: set up nativeWindow 0xc72a1c08 for 1280x736, color 0x32315659, rotation 0, usage 0x402d00
10-11 14:26:27.312  5636  6183 D SurfaceUtils: disconnecting from surface 0xc736cc08, reason disconnectFromSurface
10-11 14:26:27.312  5636  6183 E Surface : freeAllBuffers: 7 buffers were freed while being dequeued!
10-11 14:26:27.321  5636  5636 D EventLogger: surfaceSize [eventTime=23.02, mediaPos=18.34, window=0, period=0, 0, 0]
10-11 14:26:27.368  5636  5636 I ExoPlayerImpl: Release a3214be [AndroidXMedia3/1.4.1] [apollo-p7, USN Android, Coolech, 31] [media3.common, media3.database, media3.datasource.cronet, media3.datasource, media3.ui, media3.exoplayer, media3.decoder, media3.extractor]
10-11 14:26:27.371   449  1431 I MediaFocusControl: abandonAudioFocus() from uid/pid 10105/5636 clientId=android.media.AudioManager@715a2bcandroidx.media3.exoplayer.AudioFocusManager$AudioFocusListener@f1ce46c
10-11 14:26:27.373   343  6185 D omx_thread: <OmxThread_suspend:223>: ++++++++++suspend, drain
10-11 14:26:27.375   343  6196 D omx_thread: <loopEntryWrapper:38>: post stop run sem drain
10-11 14:26:27.375   343  6185 D omx_thread: <OmxThread_suspend:226>: ++++++++wait stop-run sem done: drain
10-11 14:26:27.375   343  6185 D omx_thread: <OmxThread_suspend:223>: ++++++++++suspend, decode
10-11 14:26:27.376   343  6195 D omx_thread: <loopEntryWrapper:38>: post stop run sem decode
10-11 14:26:27.376   343  6185 D omx_thread: <OmxThread_suspend:226>: ++++++++wait stop-run sem done: decode
10-11 14:26:27.376   343  6185 D omx_thread: <OmxThread_suspend:223>: ++++++++++suspend, submit
10-11 14:26:27.376   343  6194 D omx_thread: <loopEntryWrapper:38>: post stop run sem submit
10-11 14:26:27.376   343  6185 D omx_thread: <OmxThread_suspend:226>: ++++++++wait stop-run sem done: submit
10-11 14:26:27.376   343  6185 D omx_vdec: <controlFlush:483>:  flush command, portIdx:4294967295
10-11 14:26:27.376   343  6185 D omx_vdec_aw: <__anFlush:3453>: decoder flush
10-11 14:26:27.377   343  6185 D cedarc  : <SbmFrameReset:594>: ** wait for reset sem
10-11 14:26:27.379   343  6193 D cedarc  : <ProcessThread:1637>: *** post reset sem
10-11 14:26:27.381   343  6185 D cedarc  : <SbmFrameReset:596>: ** wait for reset sem ok
10-11 14:26:27.381   343  6185 D cedarc  : <SbmFrameReset:601>: SbmFrameReset finish
10-11 14:26:27.381   343  6185 W omx_vdec_aw: <standbyOutBufferArr:2810>: ** return pic owned by render,i[0], pHeadBufInfo[0xebe58700], pPic[0xebcf5018]
10-11 14:26:27.382   343  6185 W omx_vdec_aw: <standbyOutBufferArr:2810>: ** return pic owned by render,i[1], pHeadBufInfo[0xebe58750], pPic[0xebcf5150]
10-11 14:26:27.382   343  6185 W omx_vdec_aw: <standbyOutBufferArr:2810>: ** return pic owned by render,i[2], pHeadBufInfo[0xebe587a0], pPic[0xebcf5288]
10-11 14:26:27.382   343  6185 W omx_vdec_aw: <standbyOutBufferArr:2810>: ** return pic owned by render,i[3], pHeadBufInfo[0xebe587f0], pPic[0xebcf53c0]
10-11 14:26:27.382   343  6185 W omx_vdec_aw: <standbyOutBufferArr:2810>: ** return pic owned by render,i[4], pHeadBufInfo[0xebe58840], pPic[0xebcf54f8]
10-11 14:26:27.382   343  6185 D omx_vdec_aw: <standbyOutBufferArr:2795>: ** fillBufferDone owned by decoer i[5],pHeadBufInfo[0xebe58890],pPic[0xebcf5630]
10-11 14:26:27.382   343  6185 W omx_vdec_aw: <standbyOutBufferArr:2810>: ** return pic owned by render,i[6], pHeadBufInfo[0xebe588e0], pPic[0xebcf5768]
10-11 14:26:27.382   343  6185 W omx_vdec_aw: <standbyOutBufferArr:2810>: ** return pic owned by render,i[7], pHeadBufInfo[0xebe58930], pPic[0xebcf58a0]
10-11 14:26:27.382   343  6185 W omx_vdec_aw: <standbyOutBufferArr:2810>: ** return pic owned by render,i[8], pHeadBufInfo[0xebe58980], pPic[0xebcf59d8]
10-11 14:26:27.382   343  6185 W omx_vdec_aw: <standbyOutBufferArr:2810>: ** return pic owned by render,i[9], pHeadBufInfo[0xebe589d0], pPic[0xebcf5b10]
10-11 14:26:27.382   343  6185 W omx_vdec_aw: <standbyOutBufferArr:2810>: ** return pic owned by render,i[10], pHeadBufInfo[0xebe58a20], pPic[0xebcf5c48]
10-11 14:26:27.382   343  6185 E cedarc  : <CdcIonMunmap:297>: [40;31mCdcIonUnmap failed: Invalid argument
10-11 14:26:27.382   343  6185 E cedarc  : [0m
10-11 14:26:27.382   343  6185 E cedarc  : <CdcIonMunmap:297>: [40;31mCdcIonUnmap failed: Invalid argument
10-11 14:26:27.382   343  6185 E cedarc  : [0m
10-11 14:26:27.383   343  6185 E cedarc  : <CdcIonMunmap:297>: [40;31mCdcIonUnmap failed: Invalid argument
10-11 14:26:27.383   343  6185 E cedarc  : [0m
10-11 14:26:27.383   343  6185 E cedarc  : <CdcIonMunmap:297>: [40;31mCdcIonUnmap failed: Invalid argument
10-11 14:26:27.383   343  6185 E cedarc  : [0m
10-11 14:26:27.383   343  6185 E cedarc  : <CdcIonMunmap:297>: [40;31mCdcIonUnmap failed: Invalid argument
10-11 14:26:27.383   343  6185 E cedarc  : [0m
10-11 14:26:27.383   343  6185 E cedarc  : <CdcIonMunmap:297>: [40;31mCdcIonUnmap failed: Invalid argument
10-11 14:26:27.383   343  6185 E cedarc  : [0m
10-11 14:26:27.383   343  6185 E cedarc  : <CdcIonMunmap:297>: [40;31mCdcIonUnmap failed: Invalid argument
10-11 14:26:27.383   343  6185 E cedarc  : [0m
10-11 14:26:27.384   343  6185 E cedarc  : <CdcIonMunmap:297>: [40;31mCdcIonUnmap failed: Invalid argument
10-11 14:26:27.384   343  6185 E cedarc  : [0m
10-11 14:26:27.384   343  6185 E cedarc  : <CdcIonMunmap:297>: [40;31mCdcIonUnmap failed: Invalid argument
10-11 14:26:27.384   343  6185 E cedarc  : [0m
10-11 14:26:27.384   343  6185 E cedarc  : <CdcIonMunmap:297>: [40;31mCdcIonUnmap failed: Invalid argument
10-11 14:26:27.384   343  6185 E cedarc  : [0m
10-11 14:26:27.384   343  6185 E cedarc  : <CdcIonMunmap:297>: [40;31mCdcIonUnmap failed: Invalid argument
10-11 14:26:27.384   343  6185 E cedarc  : [0m
10-11 14:26:27.384   343  6185 D fbm.c   : <FbmNewDispRelease:1974>: FbmDequeue from pEmptyBufferQueue is null!!!!!
10-11 14:26:27.384   343  6185 D omx_thread: <OmxThread_resume:250>: ++++++++++resume, submit
10-11 14:26:27.384   343  6185 D omx_thread: <OmxThread_resume:250>: ++++++++++resume, decode
10-11 14:26:27.384   343  6185 D omx_thread: <OmxThread_resume:250>: ++++++++++resume, drain
10-11 14:26:27.385  5636  6180 D MediaCodec: keep callback message for reclaim
10-11 14:26:27.394  5636  6189 D CCodecBuffers: [c2.android.aac.decoder#762:1D-Output.Impl[N]] Client returned a buffer it does not own according to our record: 0
10-11 14:26:27.399  5636  6180 D MediaCodec: keep callback message for reclaim
10-11 14:26:27.402  5636  6189 I CCodecConfig: query failed after returning 19 values (BAD_INDEX)
10-11 14:26:27.404  5636  6189 W Codec2Client: query -- param skipped: index = 1342179345.
10-11 14:26:27.404  5636  6189 W Codec2Client: query -- param skipped: index = 2415921170.
10-11 14:26:27.404  5636  6189 W Codec2Client: query -- param skipped: index = 1610614798.
10-11 14:26:27.409   343  6185 D omx_vdec: <controlSetState:438>: current state:OMX_StateExecuting, target state:OMX_StateIdle
10-11 14:26:27.409   343  6185 D omx_thread: <OmxThread_suspend:223>: ++++++++++suspend, drain
10-11 14:26:27.410   343  6196 D omx_thread: <loopEntryWrapper:38>: post stop run sem drain
10-11 14:26:27.410   343  6185 D omx_thread: <OmxThread_suspend:226>: ++++++++wait stop-run sem done: drain
10-11 14:26:27.410   343  6185 D omx_thread: <OmxThread_suspend:223>: ++++++++++suspend, decode
10-11 14:26:27.411   343  6195 D omx_thread: <loopEntryWrapper:38>: post stop run sem decode
10-11 14:26:27.411   343  6185 D omx_thread: <OmxThread_suspend:226>: ++++++++wait stop-run sem done: decode
10-11 14:26:27.411   343  6185 D omx_thread: <OmxThread_suspend:223>: ++++++++++suspend, submit
10-11 14:26:27.412   343  6194 D omx_thread: <loopEntryWrapper:38>: post stop run sem submit
10-11 14:26:27.412   343  6185 D omx_thread: <OmxThread_suspend:226>: ++++++++wait stop-run sem done: submit
10-11 14:26:27.412   343  6185 D omx_vdec_aw: <standbyOutBufferArr:2795>: ** fillBufferDone owned by decoer i[0],pHeadBufInfo[0xebe58700],pPic[0xebcf5630]
10-11 14:26:27.412   343  6185 D omx_vdec_aw: <standbyOutBufferArr:2795>: ** fillBufferDone owned by decoer i[1],pHeadBufInfo[0xebe58890],pPic[0xebcf5018]
10-11 14:26:27.412   343  6185 D omx_vdec_aw: <standbyOutBufferArr:2795>: ** fillBufferDone owned by decoer i[2],pHeadBufInfo[0xebe588e0],pPic[0xebcf5150]
10-11 14:26:27.412   343  6185 D omx_vdec_aw: <standbyOutBufferArr:2795>: ** fillBufferDone owned by decoer i[3],pHeadBufInfo[0xebe58930],pPic[0xebcf5288]
10-11 14:26:27.412   343  6185 D omx_vdec_aw: <standbyOutBufferArr:2795>: ** fillBufferDone owned by decoer i[4],pHeadBufInfo[0xebe58980],pPic[0xebcf53c0]
10-11 14:26:27.412   343  6185 D omx_vdec_aw: <standbyOutBufferArr:2795>: ** fillBufferDone owned by decoer i[5],pHeadBufInfo[0xebe589d0],pPic[0xebcf54f8]
10-11 14:26:27.412   343  6185 D omx_vdec_aw: <standbyOutBufferArr:2795>: ** fillBufferDone owned by decoer i[6],pHeadBufInfo[0xebe58a20],pPic[0xebcf5768]
10-11 14:26:27.412   343  6185 E cedarc  : <CdcIonMunmap:297>: [40;31mCdcIonUnmap failed: Invalid argument
10-11 14:26:27.412   343  6185 E cedarc  : [0m
10-11 14:26:27.412   343  6185 E cedarc  : <CdcIonMunmap:297>: [40;31mCdcIonUnmap failed: Invalid argument
10-11 14:26:27.412   343  6185 E cedarc  : [0m
10-11 14:26:27.412   343  6185 E cedarc  : <CdcIonMunmap:297>: [40;31mCdcIonUnmap failed: Invalid argument
10-11 14:26:27.412   343  6185 E cedarc  : [0m
10-11 14:26:27.412   343  6185 E cedarc  : <CdcIonMunmap:297>: [40;31mCdcIonUnmap failed: Invalid argument
10-11 14:26:27.412   343  6185 E cedarc  : [0m
10-11 14:26:27.412   343  6185 E cedarc  : <CdcIonMunmap:297>: [40;31mCdcIonUnmap failed: Invalid argument
10-11 14:26:27.412   343  6185 E cedarc  : [0m
10-11 14:26:27.412   343  6185 E cedarc  : <CdcIonMunmap:297>: [40;31mCdcIonUnmap failed: Invalid argument
10-11 14:26:27.412   343  6185 E cedarc  : [0m
10-11 14:26:27.413   343  6185 E cedarc  : <CdcIonMunmap:297>: [40;31mCdcIonUnmap failed: Invalid argument
10-11 14:26:27.413   343  6185 E cedarc  : [0m
10-11 14:26:27.413   343  6185 D omx_vdec_aw: <__anClose:3511>: decoder close
10-11 14:26:27.413   343  6185 I cedarc  : <DestroyVideoDecoder:402>: DestroyVideoDecoder, pDecoder=0xebe58000
10-11 14:26:27.421   343  6193 D cedarc  : <ProcessThread:1705>:  exit sbm thread 
10-11 14:26:27.424   343  6185 D ionAlloc: <ion_alloc_close:281>: pid: 343, release g_context = 0xec1691c0 
10-11 14:26:27.424   343  6185 D ionAlloc: <ion_alloc_close:328>: ion_alloc_close ok
10-11 14:26:27.424   343  6185 I cedarc  : <VeRelease:1602>: not malloc locks
10-11 14:26:27.424   343  6185 D cedarc  : <VeRelease:1624>: ve release ok
10-11 14:26:27.424   343  6185 D omx_vdec: <doStateWaitforResources2Idle:648>: bEnabled[1],[1],bPopulated[1],[1]
10-11 14:26:27.424   343  6185 D omx_vdec: <controlSetState:459>: Transit current state:OMX_StateExecuting --> target state:OMX_StateIdle --OK!
10-11 14:26:27.425   343  6185 D omx_vdec: <controlSetState:438>: current state:OMX_StateIdle, target state:OMX_StateLoaded
10-11 14:26:27.426   343   343 D omx_vdec: <AwOmxVdecPortFreeBuffer:462>: port:<<<<<<<<in, pBufferHdr:0xec17f190
10-11 14:26:27.427   343   364 D omx_vdec: <AwOmxVdecPortFreeBuffer:462>: port:<<<<<<<<in, pBufferHdr:0xec17f140
10-11 14:26:27.428   343   364 D omx_vdec: <AwOmxVdecPortFreeBuffer:462>: port:>>>>>>>out, pBufferHdr:0xebe58a20
10-11 14:26:27.429   343   364 D omx_vdec: <AwOmxVdecPortFreeBuffer:462>: port:>>>>>>>out, pBufferHdr:0xebe589d0
10-11 14:26:27.430   343   364 D omx_vdec: <AwOmxVdecPortFreeBuffer:462>: port:>>>>>>>out, pBufferHdr:0xebe58980
10-11 14:26:27.430   343   364 D omx_vdec: <AwOmxVdecPortFreeBuffer:462>: port:>>>>>>>out, pBufferHdr:0xebe58930
10-11 14:26:27.431   343   364 D omx_vdec: <AwOmxVdecPortFreeBuffer:462>: port:>>>>>>>out, pBufferHdr:0xebe588e0
10-11 14:26:27.432   343   364 D omx_vdec: <AwOmxVdecPortFreeBuffer:462>: port:>>>>>>>out, pBufferHdr:0xebe58890
10-11 14:26:27.433   343   364 D omx_vdec: <AwOmxVdecPortFreeBuffer:462>: port:>>>>>>>out, pBufferHdr:0xebe58840
10-11 14:26:27.433   343   364 D omx_vdec: <AwOmxVdecPortFreeBuffer:462>: port:>>>>>>>out, pBufferHdr:0xebe587f0
10-11 14:26:27.434   343   364 D omx_vdec: <AwOmxVdecPortFreeBuffer:462>: port:>>>>>>>out, pBufferHdr:0xebe587a0
10-11 14:26:27.435   343   364 D omx_vdec: <AwOmxVdecPortFreeBuffer:462>: port:>>>>>>>out, pBufferHdr:0xebe58750
10-11 14:26:27.435   343   343 D omx_vdec: <AwOmxVdecPortFreeBuffer:462>: port:>>>>>>>out, pBufferHdr:0xebe58700
10-11 14:26:27.436   343  6185 D omx_vdec: <controlSetState:459>: Transit current state:OMX_StateIdle --> target state:OMX_StateLoaded --OK!
10-11 14:26:27.437  5636  6183 D SurfaceUtils: disconnecting from surface 0xc72a1c08, reason disconnectFromSurface
10-11 14:26:27.446   343   343 D cedarc  : <AwOmxComponentDeinit:59>: OMXCORE: aw_omx_component_deinit ec05c000
10-11 14:26:27.446   343   343 D omx_vdec: <__AwOmxVdecComponentDeinit:1951>: Omx Vdec Component Deinit begin
10-11 14:26:27.446   343  6185 D omx_vdec: <onMessageReceived:887>: ********quit************
10-11 14:26:27.446   343  6185 D omx_sem : <OmxTryPostSem:122>: post sem:flushSem
10-11 14:26:27.446   343  6196 D omx_thread: <loopEntryWrapper:72>: exit thread drain truely!!!
10-11 14:26:27.447   343  6195 D omx_thread: <loopEntryWrapper:72>: exit thread decode truely!!!
10-11 14:26:27.447   343  6194 D omx_thread: <loopEntryWrapper:72>: exit thread submit truely!!!
10-11 14:26:27.448   343   343 D omx_vdec: <__AwOmxVdecComponentDeinit:1957>: threads exit!
10-11 14:26:27.449   343   343 D omx_vdec: <__AwOmxVdecDestroy:2019>: ++++++++++++++++++++++omx end++++++++++++++++++
10-11 14:26:27.449   343   343 D cedarc  : <checkLibUnload:189>:  Unloading the dynamic library for OMX.allwinner.video.decoder.avc
10-11 14:26:27.463  5636  6189 D CCodecBufferChannel: [c2.android.aac.decoder#762] MediaCodec discarded an unknown buffer
10-11 14:26:27.463  5636  6189 D CCodecBufferChannel: [c2.android.aac.decoder#762] MediaCodec discarded an unknown buffer
10-11 14:26:27.464  5636  6189 D CCodecBufferChannel: [c2.android.aac.decoder#762] MediaCodec discarded an unknown buffer
10-11 14:26:27.465  5636  6189 D CCodecBufferChannel: [c2.android.aac.decoder#762] MediaCodec discarded an unknown buffer
10-11 14:26:27.470  5636  6189 I hw-BpHwBinder: onLastStrongRef automatically unlinking death recipients
10-11 14:26:27.470   350   827 I hw-BpHwBinder: onLastStrongRef automatically unlinking death recipients
10-11 14:26:27.473   350   827 V C2Store : in ~ComponentModule
10-11 14:26:27.474   350   827 V C2Store : unloading dll
10-11 14:26:27.477  5636  5636 W ExoPlayerImplInternal: Ignoring messages sent after release.
10-11 14:26:27.505   449  3687 W InputManager-JNI: Input channel object 'f3ec046 androidx.media3.demo.main/androidx.media3.demo.main.PlayerActivity (client)' was disposed without first being removed with the input manager!
10-11 14:26:27.523  5636  5636 D EventLogger: videoDisabled [eventTime=23.23, mediaPos=18.40, window=0, period=0]
10-11 14:26:27.527  5636  5636 D EventLogger: audioDisabled [eventTime=23.23, mediaPos=18.40, window=0, period=0]
10-11 14:26:27.530  5636  5636 D EventLogger: videoDecoderReleased [eventTime=23.24, mediaPos=18.40, window=0, period=0, OMX.allwinner.video.decoder.avc]
10-11 14:26:27.533  5636  5636 D EventLogger: audioDecoderReleased [eventTime=23.24, mediaPos=18.40, window=0, period=0, c2.android.aac.decoder]
10-11 14:26:27.870   449   756 D GPIO    : setFD655 14261
10-11 14:26:28.871   449   756 D GPIO    : setFD655 14261
10-11 14:26:29.872   449   756 D GPIO    : setFD655 14261
10-11 14:26:30.388   250   250 D audio_hw_primary: out_standby
10-11 14:26:30.556   449  1229 E TaskPersister: File error accessing recents directory (directory doesn't exist?).
10-11 14:26:30.872   449   756 D GPIO    : setFD655 14261
10-11 14:26:31.871   449   756 D GPIO    : setFD655 14261
