10-11 14:27:20.444   343  6222 D omx_thread: <OmxThread_suspend:223>: ++++++++++suspend, decode
10-11 14:27:20.444   343  6229 D omx_thread: <loopEntryWrapper:38>: post stop run sem decode
10-11 14:27:20.444   343  6222 D omx_thread: <OmxThread_suspend:226>: ++++++++wait stop-run sem done: decode
10-11 14:27:20.444   343  6222 D omx_thread: <OmxThread_suspend:223>: ++++++++++suspend, submit
10-11 14:27:20.444   343  6228 D omx_thread: <loopEntryWrapper:38>: post stop run sem submit
10-11 14:27:20.444   343  6222 D omx_thread: <OmxThread_suspend:226>: ++++++++wait stop-run sem done: submit
10-11 14:27:20.445   343  6222 D omx_vdec: <controlFlush:483>:  flush command, portIdx:4294967295
10-11 14:27:20.445   343  6222 D omx_vdec_aw: <__anFlush:3453>: decoder flush
10-11 14:27:20.445   343  6222 D cedarc  : <SbmFrameReset:594>: ** wait for reset sem
10-11 14:27:20.451   343  6227 D cedarc  : <ProcessThread:1637>: *** post reset sem
10-11 14:27:20.451   343  6222 D cedarc  : <SbmFrameReset:596>: ** wait for reset sem ok
10-11 14:27:20.451   343  6222 D cedarc  : <SbmFrameReset:601>: SbmFrameReset finish
10-11 14:27:20.451   343  6222 W omx_vdec_aw: <standbyOutBufferArr:2810>: ** return pic owned by render,i[0], pHeadBufInfo[0xebe58700], pPic[0xebd3c018]
10-11 14:27:20.451   343  6222 W omx_vdec_aw: <standbyOutBufferArr:2810>: ** return pic owned by render,i[1], pHeadBufInfo[0xebe58750], pPic[0xebd3c150]
10-11 14:27:20.451   343  6222 W omx_vdec_aw: <standbyOutBufferArr:2810>: ** return pic owned by render,i[2], pHeadBufInfo[0xebe587a0], pPic[0xebd3c288]
10-11 14:27:20.451   343  6222 W omx_vdec_aw: <standbyOutBufferArr:2810>: ** return pic owned by render,i[3], pHeadBufInfo[0xebe587f0], pPic[0xebd3c3c0]
10-11 14:27:20.451   343  6222 W omx_vdec_aw: <standbyOutBufferArr:2810>: ** return pic owned by render,i[4], pHeadBufInfo[0xebe58840], pPic[0xebd3c4f8]
10-11 14:27:20.451   343  6222 W omx_vdec_aw: <standbyOutBufferArr:2810>: ** return pic owned by render,i[5], pHeadBufInfo[0xebe58890], pPic[0xebd3c630]
10-11 14:27:20.451   343  6222 W omx_vdec_aw: <standbyOutBufferArr:2810>: ** return pic owned by render,i[6], pHeadBufInfo[0xebe588e0], pPic[0xebd3c768]
10-11 14:27:20.451   343  6222 W omx_vdec_aw: <standbyOutBufferArr:2810>: ** return pic owned by render,i[7], pHeadBufInfo[0xebe58930], pPic[0xebd3c8a0]
10-11 14:27:20.451   343  6222 W omx_vdec_aw: <standbyOutBufferArr:2810>: ** return pic owned by render,i[8], pHeadBufInfo[0xebe58980], pPic[0xebd3c9d8]
10-11 14:27:20.452   343  6222 W omx_vdec_aw: <standbyOutBufferArr:2810>: ** return pic owned by render,i[9], pHeadBufInfo[0xebe589d0], pPic[0xebd3cb10]
10-11 14:27:20.452   343  6222 W omx_vdec_aw: <standbyOutBufferArr:2810>: ** return pic owned by render,i[10], pHeadBufInfo[0xebe58a20], pPic[0xebd3cc48]
10-11 14:27:20.452   343  6222 E cedarc  : <CdcIonMunmap:297>: [40;31mCdcIonUnmap failed: Invalid argument
10-11 14:27:20.452   343  6222 E cedarc  : [0m
10-11 14:27:20.452   343  6222 E cedarc  : <CdcIonMunmap:297>: [40;31mCdcIonUnmap failed: Invalid argument
10-11 14:27:20.452   343  6222 E cedarc  : [0m
10-11 14:27:20.452   343  6222 E cedarc  : <CdcIonMunmap:297>: [40;31mCdcIonUnmap failed: Invalid argument
10-11 14:27:20.452   343  6222 E cedarc  : [0m
10-11 14:27:20.452   343  6222 E cedarc  : <CdcIonMunmap:297>: [40;31mCdcIonUnmap failed: Invalid argument
10-11 14:27:20.452   343  6222 E cedarc  : [0m
10-11 14:27:20.452   343  6222 E cedarc  : <CdcIonMunmap:297>: [40;31mCdcIonUnmap failed: Invalid argument
10-11 14:27:20.452   343  6222 E cedarc  : [0m
10-11 14:27:20.452   343  6222 E cedarc  : <CdcIonMunmap:297>: [40;31mCdcIonUnmap failed: Invalid argument
10-11 14:27:20.452   343  6222 E cedarc  : [0m
10-11 14:27:20.452   343  6222 E cedarc  : <CdcIonMunmap:297>: [40;31mCdcIonUnmap failed: Invalid argument
10-11 14:27:20.452   343  6222 E cedarc  : [0m
10-11 14:27:20.452   343  6222 E cedarc  : <CdcIonMunmap:297>: [40;31mCdcIonUnmap failed: Invalid argument
10-11 14:27:20.452   343  6222 E cedarc  : [0m
10-11 14:27:20.452   343  6222 E cedarc  : <CdcIonMunmap:297>: [40;31mCdcIonUnmap failed: Invalid argument
10-11 14:27:20.452   343  6222 E cedarc  : [0m
10-11 14:27:20.452   343  6222 E cedarc  : <CdcIonMunmap:297>: [40;31mCdcIonUnmap failed: Invalid argument
10-11 14:27:20.452   343  6222 E cedarc  : [0m
10-11 14:27:20.452   343  6222 E cedarc  : <CdcIonMunmap:297>: [40;31mCdcIonUnmap failed: Invalid argument
10-11 14:27:20.452   343  6222 E cedarc  : [0m
10-11 14:27:20.452   343  6222 D fbm.c   : <FbmNewDispRelease:1974>: FbmDequeue from pEmptyBufferQueue is null!!!!!
10-11 14:27:20.452   343  6222 D omx_thread: <OmxThread_resume:250>: ++++++++++resume, submit
10-11 14:27:20.452   343  6222 D omx_thread: <OmxThread_resume:250>: ++++++++++resume, decode
10-11 14:27:20.452   343  6222 D omx_thread: <OmxThread_resume:250>: ++++++++++resume, drain
10-11 14:27:20.454  5636  6216 D MediaCodec: keep callback message for reclaim
10-11 14:27:20.458   343  6222 D omx_vdec: <controlSetState:438>: current state:OMX_StateExecuting, target state:OMX_StateIdle
10-11 14:27:20.458   343  6222 D omx_thread: <OmxThread_suspend:223>: ++++++++++suspend, drain
10-11 14:27:20.460   343  6230 D omx_thread: <loopEntryWrapper:38>: post stop run sem drain
10-11 14:27:20.460   343  6222 D omx_thread: <OmxThread_suspend:226>: ++++++++wait stop-run sem done: drain
10-11 14:27:20.460   343  6222 D omx_thread: <OmxThread_suspend:223>: ++++++++++suspend, decode
10-11 14:27:20.462   343  6229 D omx_thread: <loopEntryWrapper:38>: post stop run sem decode
10-11 14:27:20.462   343  6222 D omx_thread: <OmxThread_suspend:226>: ++++++++wait stop-run sem done: decode
10-11 14:27:20.462   343  6222 D omx_thread: <OmxThread_suspend:223>: ++++++++++suspend, submit
10-11 14:27:20.463   343  6228 D omx_thread: <loopEntryWrapper:38>: post stop run sem submit
10-11 14:27:20.463   343  6222 D omx_thread: <OmxThread_suspend:226>: ++++++++wait stop-run sem done: submit
10-11 14:27:20.463   343  6222 D omx_vdec_aw: <standbyOutBufferArr:2795>: ** fillBufferDone owned by decoer i[0],pHeadBufInfo[0xebe58700],pPic[0xebd3c018]
10-11 14:27:20.463   343  6222 D omx_vdec_aw: <standbyOutBufferArr:2795>: ** fillBufferDone owned by decoer i[1],pHeadBufInfo[0xebe58750],pPic[0xebd3c150]
10-11 14:27:20.464   343  6222 E cedarc  : <CdcIonMunmap:297>: [40;31mCdcIonUnmap failed: Invalid argument
10-11 14:27:20.464   343  6222 E cedarc  : [0m
10-11 14:27:20.464   343  6222 E cedarc  : <CdcIonMunmap:297>: [40;31mCdcIonUnmap failed: Invalid argument
10-11 14:27:20.464   343  6222 E cedarc  : [0m
10-11 14:27:20.464   343  6222 D omx_vdec_aw: <__anClose:3511>: decoder close
10-11 14:27:20.464   343  6222 I cedarc  : <DestroyVideoDecoder:402>: DestroyVideoDecoder, pDecoder=0xebe58000
10-11 14:27:20.472   343  6227 D cedarc  : <ProcessThread:1705>:  exit sbm thread 
10-11 14:27:20.475   343  6222 D ionAlloc: <ion_alloc_close:281>: pid: 343, release g_context = 0xec169240 
10-11 14:27:20.475   343  6222 D ionAlloc: <ion_alloc_close:328>: ion_alloc_close ok
10-11 14:27:20.482   343  6222 I cedarc  : <VeRelease:1602>: not malloc locks
10-11 14:27:20.483   343  6222 D cedarc  : <VeRelease:1624>: ve release ok
10-11 14:27:20.483   343  6222 D omx_vdec: <doStateWaitforResources2Idle:648>: bEnabled[1],[1],bPopulated[1],[1]
10-11 14:27:20.483   343  6222 D omx_vdec: <controlSetState:459>: Transit current state:OMX_StateExecuting --> target state:OMX_StateIdle --OK!
10-11 14:27:20.484   343  6222 D omx_vdec: <controlSetState:438>: current state:OMX_StateIdle, target state:OMX_StateLoaded
10-11 14:27:20.484   343   364 D omx_vdec: <AwOmxVdecPortFreeBuffer:462>: port:<<<<<<<<in, pBufferHdr:0xec17f190
10-11 14:27:20.486   343   364 D omx_vdec: <AwOmxVdecPortFreeBuffer:462>: port:<<<<<<<<in, pBufferHdr:0xec17f140
10-11 14:27:20.487   343   364 D omx_vdec: <AwOmxVdecPortFreeBuffer:462>: port:>>>>>>>out, pBufferHdr:0xebe58a20
10-11 14:27:20.487   343   364 D omx_vdec: <AwOmxVdecPortFreeBuffer:462>: port:>>>>>>>out, pBufferHdr:0xebe589d0
10-11 14:27:20.488   343   364 D omx_vdec: <AwOmxVdecPortFreeBuffer:462>: port:>>>>>>>out, pBufferHdr:0xebe58980
10-11 14:27:20.490   343   364 D omx_vdec: <AwOmxVdecPortFreeBuffer:462>: port:>>>>>>>out, pBufferHdr:0xebe58930
10-11 14:27:20.491   343   364 D omx_vdec: <AwOmxVdecPortFreeBuffer:462>: port:>>>>>>>out, pBufferHdr:0xebe588e0
10-11 14:27:20.491   343   364 D omx_vdec: <AwOmxVdecPortFreeBuffer:462>: port:>>>>>>>out, pBufferHdr:0xebe58890
10-11 14:27:20.492   343   364 D omx_vdec: <AwOmxVdecPortFreeBuffer:462>: port:>>>>>>>out, pBufferHdr:0xebe58840
10-11 14:27:20.493   343   364 D omx_vdec: <AwOmxVdecPortFreeBuffer:462>: port:>>>>>>>out, pBufferHdr:0xebe587f0
10-11 14:27:20.495   343   364 D omx_vdec: <AwOmxVdecPortFreeBuffer:462>: port:>>>>>>>out, pBufferHdr:0xebe587a0
10-11 14:27:20.495   343   364 D omx_vdec: <AwOmxVdecPortFreeBuffer:462>: port:>>>>>>>out, pBufferHdr:0xebe58750
10-11 14:27:20.497   343   364 D omx_vdec: <AwOmxVdecPortFreeBuffer:462>: port:>>>>>>>out, pBufferHdr:0xebe58700
10-11 14:27:20.504   343  6222 D omx_vdec: <controlSetState:459>: Transit current state:OMX_StateIdle --> target state:OMX_StateLoaded --OK!
10-11 14:27:20.505  5636  6220 D SurfaceUtils: disconnecting from surface 0xc72a1c08, reason disconnectFromSurface
10-11 14:27:20.511   343   364 D cedarc  : <AwOmxComponentDeinit:59>: OMXCORE: aw_omx_component_deinit ec05c000
10-11 14:27:20.511   343   364 D omx_vdec: <__AwOmxVdecComponentDeinit:1951>: Omx Vdec Component Deinit begin
10-11 14:27:20.511   343  6222 D omx_vdec: <onMessageReceived:887>: ********quit************
10-11 14:27:20.511   343  6222 D omx_sem : <OmxTryPostSem:122>: post sem:flushSem
10-11 14:27:20.511   343  6230 D omx_thread: <loopEntryWrapper:72>: exit thread drain truely!!!
10-11 14:27:20.512   343  6229 D omx_thread: <loopEntryWrapper:72>: exit thread decode truely!!!
10-11 14:27:20.512   343  6228 D omx_thread: <loopEntryWrapper:72>: exit thread submit truely!!!
10-11 14:27:20.513   343   364 D omx_vdec: <__AwOmxVdecComponentDeinit:1957>: threads exit!
10-11 14:27:20.513   343   364 D omx_vdec: <__AwOmxVdecDestroy:2019>: ++++++++++++++++++++++omx end++++++++++++++++++
10-11 14:27:20.514   343   364 D cedarc  : <checkLibUnload:189>:  Unloading the dynamic library for OMX.allwinner.video.decoder.avc
10-11 14:27:20.530  5636  5636 W ExoPlayerImplInternal: Ignoring messages sent after release.
10-11 14:27:20.556   449  1431 W InputManager-JNI: Input channel object 'cdbedc7 androidx.media3.demo.main/androidx.media3.demo.main.PlayerActivity (client)' was disposed without first being removed with the input manager!
10-11 14:27:20.575  5636  5636 D EventLogger: videoDisabled [eventTime=19.17, mediaPos=16.36, window=0, period=0]
10-11 14:27:20.578  5636  5636 D EventLogger: videoDecoderReleased [eventTime=19.17, mediaPos=16.36, window=0, period=0, OMX.allwinner.video.decoder.avc]
10-11 14:27:20.882   449   756 D GPIO    : setFD655 14271
10-11 14:27:21.882   449   756 D GPIO    : setFD655 14271
10-11 14:27:22.882   449   756 D GPIO    : setFD655 14271
10-11 14:27:23.613   449  1229 E TaskPersister: File error accessing recents directory (directory doesn't exist?).
